Archive member included to satisfy reference by file (symbol)

c:/program files (x86)/atmel/studio/7.0/toolchain/avr8/avr8-gnu-toolchain/bin/../lib/gcc/avr/5.4.0/avr5\libgcc.a(_exit.o)
                              C:/Program Files (x86)/Atmel/Studio/7.0/Packs/atmel/ATmega_DFP/1.7.374/gcc/dev/atmega32a/avr5/crtatmega32a.o (exit)
c:/program files (x86)/atmel/studio/7.0/toolchain/avr8/avr8-gnu-toolchain/bin/../lib/gcc/avr/5.4.0/avr5\libgcc.a(_tablejump2.o)
                              MCAL/Timer/Timer.o (__tablejump2__)
c:/program files (x86)/atmel/studio/7.0/toolchain/avr8/avr8-gnu-toolchain/bin/../lib/gcc/avr/5.4.0/avr5\libgcc.a(_clear_bss.o)
                              APPLIcation/Application.o (__do_clear_bss)

Allocating common symbols
Common symbol       size              file

ResetTimer          0x1               Sub System Modes/CG_PR/CG_PR.o
x                   0x1               Sub System Modes/CY_PY/CY_PY.o
clicktime           0x1               APPLIcation/Application.o
buttonstate         0x1               APPLIcation/Application.o
Timer2Reset         0x1               Sub System Modes/CY_PY/CY_PY.o
presstime           0x2               APPLIcation/Application.o
releasetime         0x2               APPLIcation/Application.o

Discarded input sections

 .data          0x00000000        0x0 C:/Program Files (x86)/Atmel/Studio/7.0/Packs/atmel/ATmega_DFP/1.7.374/gcc/dev/atmega32a/avr5/crtatmega32a.o
 .bss           0x00000000        0x0 C:/Program Files (x86)/Atmel/Studio/7.0/Packs/atmel/ATmega_DFP/1.7.374/gcc/dev/atmega32a/avr5/crtatmega32a.o
 .text          0x00000000        0x0 APPLIcation/Application.o
 .data          0x00000000        0x0 APPLIcation/Application.o
 .bss           0x00000000        0x0 APPLIcation/Application.o
 .text          0x00000000        0x0 ECUAL/Button/button.o
 .data          0x00000000        0x0 ECUAL/Button/button.o
 .bss           0x00000000        0x0 ECUAL/Button/button.o
 .text.BUTTON_read
                0x00000000        0x6 ECUAL/Button/button.o
 .text          0x00000000        0x0 ECUAL/LED/LED.o
 .data          0x00000000        0x0 ECUAL/LED/LED.o
 .bss           0x00000000        0x0 ECUAL/LED/LED.o
 .text          0x00000000        0x0 ECUAL/Timer0/Timer0.o
 .data          0x00000000        0x0 ECUAL/Timer0/Timer0.o
 .bss           0x00000000        0x0 ECUAL/Timer0/Timer0.o
 .text.Timer0_Test
                0x00000000       0x28 ECUAL/Timer0/Timer0.o
 .text          0x00000000        0x0 ECUAL/Timer2/Timer2.o
 .data          0x00000000        0x0 ECUAL/Timer2/Timer2.o
 .bss           0x00000000        0x0 ECUAL/Timer2/Timer2.o
 .text.Timer2_intiate_reset
                0x00000000       0x20 ECUAL/Timer2/Timer2.o
 .text.Timer2_start
                0x00000000        0xe ECUAL/Timer2/Timer2.o
 .text.Timer2_stop
                0x00000000        0xe ECUAL/Timer2/Timer2.o
 .text.Timer2_Test
                0x00000000       0x28 ECUAL/Timer2/Timer2.o
 .debug_info    0x00000000      0x18f ECUAL/Timer2/Timer2.o
 .debug_abbrev  0x00000000       0xa3 ECUAL/Timer2/Timer2.o
 .debug_aranges
                0x00000000       0x38 ECUAL/Timer2/Timer2.o
 .debug_ranges  0x00000000       0x28 ECUAL/Timer2/Timer2.o
 .debug_line    0x00000000      0x159 ECUAL/Timer2/Timer2.o
 .debug_str     0x00000000      0x20f ECUAL/Timer2/Timer2.o
 .comment       0x00000000       0x31 ECUAL/Timer2/Timer2.o
 .debug_frame   0x00000000       0x54 ECUAL/Timer2/Timer2.o
 .text          0x00000000        0x0 main.o
 .data          0x00000000        0x0 main.o
 .bss           0x00000000        0x0 main.o
 .text          0x00000000        0x0 MCAL/DIO driver/DIO.o
 .data          0x00000000        0x0 MCAL/DIO driver/DIO.o
 .bss           0x00000000        0x0 MCAL/DIO driver/DIO.o
 .text.DIO_read
                0x00000000       0xce MCAL/DIO driver/DIO.o
 .text.DIO_Test
                0x00000000       0x62 MCAL/DIO driver/DIO.o
 .text          0x00000000        0x0 MCAL/Interrupt/Interrupt.o
 .data          0x00000000        0x0 MCAL/Interrupt/Interrupt.o
 .bss           0x00000000        0x0 MCAL/Interrupt/Interrupt.o
 .text.Intrupt_globalDisabled
                0x00000000        0x6 MCAL/Interrupt/Interrupt.o
 .text.Intrupt_ExtFlagRead
                0x00000000       0x72 MCAL/Interrupt/Interrupt.o
 .text.Intrupt_test
                0x00000000       0x70 MCAL/Interrupt/Interrupt.o
 .text          0x00000000        0x0 MCAL/Timer/Timer.o
 .data          0x00000000        0x0 MCAL/Timer/Timer.o
 .bss           0x00000000        0x0 MCAL/Timer/Timer.o
 .text.Timer_CompareVal
                0x00000000       0x1a MCAL/Timer/Timer.o
 .text.Timer_intruptDisable
                0x00000000       0x4e MCAL/Timer/Timer.o
 .text.Timer_EraseFlag
                0x00000000       0x4e MCAL/Timer/Timer.o
 .text.Timer_Test
                0x00000000       0x8c MCAL/Timer/Timer.o
 .text          0x00000000        0x0 Sub System Modes/CG_PR/CG_PR.o
 .data          0x00000000        0x0 Sub System Modes/CG_PR/CG_PR.o
 .bss           0x00000000        0x0 Sub System Modes/CG_PR/CG_PR.o
 COMMON         0x00000000        0x1 Sub System Modes/CG_PR/CG_PR.o
 .text          0x00000000        0x0 Sub System Modes/CR_PG/CR_PG.o
 .data          0x00000000        0x0 Sub System Modes/CR_PG/CR_PG.o
 .bss           0x00000000        0x0 Sub System Modes/CR_PG/CR_PG.o
 .text          0x00000000        0x0 Sub System Modes/CY_PY/CY_PY.o
 .data          0x00000000        0x0 Sub System Modes/CY_PY/CY_PY.o
 .bss           0x00000000        0x0 Sub System Modes/CY_PY/CY_PY.o
 .text          0x00000000        0x0 System Modes/Normal Mode/Normal Mode.o
 .data          0x00000000        0x0 System Modes/Normal Mode/Normal Mode.o
 .bss           0x00000000        0x0 System Modes/Normal Mode/Normal Mode.o
 .text          0x00000000        0x0 System Modes/Pededstrian Mode/Pededstrian Mode.o
 .data          0x00000000        0x0 System Modes/Pededstrian Mode/Pededstrian Mode.o
 .bss           0x00000000        0x0 System Modes/Pededstrian Mode/Pededstrian Mode.o
 .text          0x00000000        0x0 c:/program files (x86)/atmel/studio/7.0/toolchain/avr8/avr8-gnu-toolchain/bin/../lib/gcc/avr/5.4.0/avr5\libgcc.a(_exit.o)
 .data          0x00000000        0x0 c:/program files (x86)/atmel/studio/7.0/toolchain/avr8/avr8-gnu-toolchain/bin/../lib/gcc/avr/5.4.0/avr5\libgcc.a(_exit.o)
 .bss           0x00000000        0x0 c:/program files (x86)/atmel/studio/7.0/toolchain/avr8/avr8-gnu-toolchain/bin/../lib/gcc/avr/5.4.0/avr5\libgcc.a(_exit.o)
 .text.libgcc.mul
                0x00000000        0x0 c:/program files (x86)/atmel/studio/7.0/toolchain/avr8/avr8-gnu-toolchain/bin/../lib/gcc/avr/5.4.0/avr5\libgcc.a(_exit.o)
 .text.libgcc.div
                0x00000000        0x0 c:/program files (x86)/atmel/studio/7.0/toolchain/avr8/avr8-gnu-toolchain/bin/../lib/gcc/avr/5.4.0/avr5\libgcc.a(_exit.o)
 .text.libgcc   0x00000000        0x0 c:/program files (x86)/atmel/studio/7.0/toolchain/avr8/avr8-gnu-toolchain/bin/../lib/gcc/avr/5.4.0/avr5\libgcc.a(_exit.o)
 .text.libgcc.prologue
                0x00000000        0x0 c:/program files (x86)/atmel/studio/7.0/toolchain/avr8/avr8-gnu-toolchain/bin/../lib/gcc/avr/5.4.0/avr5\libgcc.a(_exit.o)
 .text.libgcc.builtins
                0x00000000        0x0 c:/program files (x86)/atmel/studio/7.0/toolchain/avr8/avr8-gnu-toolchain/bin/../lib/gcc/avr/5.4.0/avr5\libgcc.a(_exit.o)
 .text.libgcc.fmul
                0x00000000        0x0 c:/program files (x86)/atmel/studio/7.0/toolchain/avr8/avr8-gnu-toolchain/bin/../lib/gcc/avr/5.4.0/avr5\libgcc.a(_exit.o)
 .text.libgcc.fixed
                0x00000000        0x0 c:/program files (x86)/atmel/studio/7.0/toolchain/avr8/avr8-gnu-toolchain/bin/../lib/gcc/avr/5.4.0/avr5\libgcc.a(_exit.o)
 .text          0x00000000        0x0 c:/program files (x86)/atmel/studio/7.0/toolchain/avr8/avr8-gnu-toolchain/bin/../lib/gcc/avr/5.4.0/avr5\libgcc.a(_tablejump2.o)
 .data          0x00000000        0x0 c:/program files (x86)/atmel/studio/7.0/toolchain/avr8/avr8-gnu-toolchain/bin/../lib/gcc/avr/5.4.0/avr5\libgcc.a(_tablejump2.o)
 .bss           0x00000000        0x0 c:/program files (x86)/atmel/studio/7.0/toolchain/avr8/avr8-gnu-toolchain/bin/../lib/gcc/avr/5.4.0/avr5\libgcc.a(_tablejump2.o)
 .text.libgcc.mul
                0x00000000        0x0 c:/program files (x86)/atmel/studio/7.0/toolchain/avr8/avr8-gnu-toolchain/bin/../lib/gcc/avr/5.4.0/avr5\libgcc.a(_tablejump2.o)
 .text.libgcc.div
                0x00000000        0x0 c:/program files (x86)/atmel/studio/7.0/toolchain/avr8/avr8-gnu-toolchain/bin/../lib/gcc/avr/5.4.0/avr5\libgcc.a(_tablejump2.o)
 .text.libgcc.prologue
                0x00000000        0x0 c:/program files (x86)/atmel/studio/7.0/toolchain/avr8/avr8-gnu-toolchain/bin/../lib/gcc/avr/5.4.0/avr5\libgcc.a(_tablejump2.o)
 .text.libgcc.builtins
                0x00000000        0x0 c:/program files (x86)/atmel/studio/7.0/toolchain/avr8/avr8-gnu-toolchain/bin/../lib/gcc/avr/5.4.0/avr5\libgcc.a(_tablejump2.o)
 .text.libgcc.fmul
                0x00000000        0x0 c:/program files (x86)/atmel/studio/7.0/toolchain/avr8/avr8-gnu-toolchain/bin/../lib/gcc/avr/5.4.0/avr5\libgcc.a(_tablejump2.o)
 .text.libgcc.fixed
                0x00000000        0x0 c:/program files (x86)/atmel/studio/7.0/toolchain/avr8/avr8-gnu-toolchain/bin/../lib/gcc/avr/5.4.0/avr5\libgcc.a(_tablejump2.o)
 .text          0x00000000        0x0 c:/program files (x86)/atmel/studio/7.0/toolchain/avr8/avr8-gnu-toolchain/bin/../lib/gcc/avr/5.4.0/avr5\libgcc.a(_clear_bss.o)
 .data          0x00000000        0x0 c:/program files (x86)/atmel/studio/7.0/toolchain/avr8/avr8-gnu-toolchain/bin/../lib/gcc/avr/5.4.0/avr5\libgcc.a(_clear_bss.o)
 .bss           0x00000000        0x0 c:/program files (x86)/atmel/studio/7.0/toolchain/avr8/avr8-gnu-toolchain/bin/../lib/gcc/avr/5.4.0/avr5\libgcc.a(_clear_bss.o)
 .text.libgcc.mul
                0x00000000        0x0 c:/program files (x86)/atmel/studio/7.0/toolchain/avr8/avr8-gnu-toolchain/bin/../lib/gcc/avr/5.4.0/avr5\libgcc.a(_clear_bss.o)
 .text.libgcc.div
                0x00000000        0x0 c:/program files (x86)/atmel/studio/7.0/toolchain/avr8/avr8-gnu-toolchain/bin/../lib/gcc/avr/5.4.0/avr5\libgcc.a(_clear_bss.o)
 .text.libgcc   0x00000000        0x0 c:/program files (x86)/atmel/studio/7.0/toolchain/avr8/avr8-gnu-toolchain/bin/../lib/gcc/avr/5.4.0/avr5\libgcc.a(_clear_bss.o)
 .text.libgcc.prologue
                0x00000000        0x0 c:/program files (x86)/atmel/studio/7.0/toolchain/avr8/avr8-gnu-toolchain/bin/../lib/gcc/avr/5.4.0/avr5\libgcc.a(_clear_bss.o)
 .text.libgcc.builtins
                0x00000000        0x0 c:/program files (x86)/atmel/studio/7.0/toolchain/avr8/avr8-gnu-toolchain/bin/../lib/gcc/avr/5.4.0/avr5\libgcc.a(_clear_bss.o)
 .text.libgcc.fmul
                0x00000000        0x0 c:/program files (x86)/atmel/studio/7.0/toolchain/avr8/avr8-gnu-toolchain/bin/../lib/gcc/avr/5.4.0/avr5\libgcc.a(_clear_bss.o)
 .text.libgcc.fixed
                0x00000000        0x0 c:/program files (x86)/atmel/studio/7.0/toolchain/avr8/avr8-gnu-toolchain/bin/../lib/gcc/avr/5.4.0/avr5\libgcc.a(_clear_bss.o)

Memory Configuration

Name             Origin             Length             Attributes
text             0x00000000         0x00008000         xr
data             0x00800060         0x00000800         rw !x
eeprom           0x00810000         0x00000400         rw !x
fuse             0x00820000         0x00000002         rw !x
lock             0x00830000         0x00000400         rw !x
signature        0x00840000         0x00000400         rw !x
user_signatures  0x00850000         0x00000400         rw !x
*default*        0x00000000         0xffffffff

Linker script and memory map

LOAD C:/Program Files (x86)/Atmel/Studio/7.0/Packs/atmel/ATmega_DFP/1.7.374/gcc/dev/atmega32a/avr5/crtatmega32a.o
LOAD APPLIcation/Application.o
LOAD ECUAL/Button/button.o
LOAD ECUAL/LED/LED.o
LOAD ECUAL/Timer0/Timer0.o
LOAD ECUAL/Timer2/Timer2.o
LOAD main.o
LOAD MCAL/DIO driver/DIO.o
LOAD MCAL/Interrupt/Interrupt.o
LOAD MCAL/Timer/Timer.o
LOAD Sub System Modes/CG_PR/CG_PR.o
LOAD Sub System Modes/CR_PG/CR_PG.o
LOAD Sub System Modes/CY_PY/CY_PY.o
LOAD System Modes/Normal Mode/Normal Mode.o
LOAD System Modes/Pededstrian Mode/Pededstrian Mode.o
START GROUP
LOAD c:/program files (x86)/atmel/studio/7.0/toolchain/avr8/avr8-gnu-toolchain/bin/../lib/gcc/avr/5.4.0/../../../../avr/lib/avr5\libm.a
END GROUP
START GROUP
LOAD c:/program files (x86)/atmel/studio/7.0/toolchain/avr8/avr8-gnu-toolchain/bin/../lib/gcc/avr/5.4.0/avr5\libgcc.a
LOAD c:/program files (x86)/atmel/studio/7.0/toolchain/avr8/avr8-gnu-toolchain/bin/../lib/gcc/avr/5.4.0/../../../../avr/lib/avr5\libm.a
LOAD c:/program files (x86)/atmel/studio/7.0/toolchain/avr8/avr8-gnu-toolchain/bin/../lib/gcc/avr/5.4.0/../../../../avr/lib/avr5\libc.a
LOAD C:/Program Files (x86)/Atmel/Studio/7.0/Packs/atmel/ATmega_DFP/1.7.374/gcc/dev/atmega32a/avr5\libatmega32a.a
END GROUP
                [0x00000000]                __TEXT_REGION_ORIGIN__ = DEFINED (__TEXT_REGION_ORIGIN__)?__TEXT_REGION_ORIGIN__:0x0
                [0x00800060]                __DATA_REGION_ORIGIN__ = DEFINED (__DATA_REGION_ORIGIN__)?__DATA_REGION_ORIGIN__:0x800060
                [0x00008000]                __TEXT_REGION_LENGTH__ = DEFINED (__TEXT_REGION_LENGTH__)?__TEXT_REGION_LENGTH__:0x20000
                [0x00000800]                __DATA_REGION_LENGTH__ = DEFINED (__DATA_REGION_LENGTH__)?__DATA_REGION_LENGTH__:0xffa0
                [0x00000400]                __EEPROM_REGION_LENGTH__ = DEFINED (__EEPROM_REGION_LENGTH__)?__EEPROM_REGION_LENGTH__:0x10000
                [0x00000002]                __FUSE_REGION_LENGTH__ = DEFINED (__FUSE_REGION_LENGTH__)?__FUSE_REGION_LENGTH__:0x400
                0x00000400                __LOCK_REGION_LENGTH__ = DEFINED (__LOCK_REGION_LENGTH__)?__LOCK_REGION_LENGTH__:0x400
                0x00000400                __SIGNATURE_REGION_LENGTH__ = DEFINED (__SIGNATURE_REGION_LENGTH__)?__SIGNATURE_REGION_LENGTH__:0x400
                0x00000400                __USER_SIGNATURE_REGION_LENGTH__ = DEFINED (__USER_SIGNATURE_REGION_LENGTH__)?__USER_SIGNATURE_REGION_LENGTH__:0x400

.hash
 *(.hash)

.dynsym
 *(.dynsym)

.dynstr
 *(.dynstr)

.gnu.version
 *(.gnu.version)

.gnu.version_d
 *(.gnu.version_d)

.gnu.version_r
 *(.gnu.version_r)

.rel.init
 *(.rel.init)

.rela.init
 *(.rela.init)

.rel.text
 *(.rel.text)
 *(.rel.text.*)
 *(.rel.gnu.linkonce.t*)

.rela.text
 *(.rela.text)
 *(.rela.text.*)
 *(.rela.gnu.linkonce.t*)

.rel.fini
 *(.rel.fini)

.rela.fini
 *(.rela.fini)

.rel.rodata
 *(.rel.rodata)
 *(.rel.rodata.*)
 *(.rel.gnu.linkonce.r*)

.rela.rodata
 *(.rela.rodata)
 *(.rela.rodata.*)
 *(.rela.gnu.linkonce.r*)

.rel.data
 *(.rel.data)
 *(.rel.data.*)
 *(.rel.gnu.linkonce.d*)

.rela.data
 *(.rela.data)
 *(.rela.data.*)
 *(.rela.gnu.linkonce.d*)

.rel.ctors
 *(.rel.ctors)

.rela.ctors
 *(.rela.ctors)

.rel.dtors
 *(.rel.dtors)

.rela.dtors
 *(.rela.dtors)

.rel.got
 *(.rel.got)

.rela.got
 *(.rela.got)

.rel.bss
 *(.rel.bss)

.rela.bss
 *(.rela.bss)

.rel.plt
 *(.rel.plt)

.rela.plt
 *(.rela.plt)

.text           0x00000000      0xdae
 *(.vectors)
 .vectors       0x00000000       0x54 C:/Program Files (x86)/Atmel/Studio/7.0/Packs/atmel/ATmega_DFP/1.7.374/gcc/dev/atmega32a/avr5/crtatmega32a.o
                0x00000000                __vector_default
                0x00000000                __vectors
 *(.vectors)
 *(.progmem.gcc*)
 .progmem.gcc_sw_table.Timer_StartPRESCalerValue
                0x00000054       0x20 MCAL/Timer/Timer.o
                0x00000074                . = ALIGN (0x2)
                0x00000074                __trampolines_start = .
 *(.trampolines)
 .trampolines   0x00000074        0x0 linker stubs
 *(.trampolines*)
                0x00000074                __trampolines_end = .
 *libprintf_flt.a:*(.progmem.data)
 *libc.a:*(.progmem.data)
 *(.progmem*)
                0x00000074                . = ALIGN (0x2)
 *(.jumptables)
 *(.jumptables*)
 *(.lowtext)
 *(.lowtext*)
                0x00000074                __ctors_start = .
 *(.ctors)
                0x00000074                __ctors_end = .
                0x00000074                __dtors_start = .
 *(.dtors)
                0x00000074                __dtors_end = .
 SORT(*)(.ctors)
 SORT(*)(.dtors)
 *(.init0)
 .init0         0x00000074        0x0 C:/Program Files (x86)/Atmel/Studio/7.0/Packs/atmel/ATmega_DFP/1.7.374/gcc/dev/atmega32a/avr5/crtatmega32a.o
                0x00000074                __init
 *(.init0)
 *(.init1)
 *(.init1)
 *(.init2)
 .init2         0x00000074        0xc C:/Program Files (x86)/Atmel/Studio/7.0/Packs/atmel/ATmega_DFP/1.7.374/gcc/dev/atmega32a/avr5/crtatmega32a.o
 *(.init2)
 *(.init3)
 *(.init3)
 *(.init4)
 .init4         0x00000080       0x10 c:/program files (x86)/atmel/studio/7.0/toolchain/avr8/avr8-gnu-toolchain/bin/../lib/gcc/avr/5.4.0/avr5\libgcc.a(_clear_bss.o)
                0x00000080                __do_clear_bss
 *(.init4)
 *(.init5)
 *(.init5)
 *(.init6)
 *(.init6)
 *(.init7)
 *(.init7)
 *(.init8)
 *(.init8)
 *(.init9)
 .init9         0x00000090        0x8 C:/Program Files (x86)/Atmel/Studio/7.0/Packs/atmel/ATmega_DFP/1.7.374/gcc/dev/atmega32a/avr5/crtatmega32a.o
 *(.init9)
 *(.text)
 .text          0x00000098        0x4 C:/Program Files (x86)/Atmel/Studio/7.0/Packs/atmel/ATmega_DFP/1.7.374/gcc/dev/atmega32a/avr5/crtatmega32a.o
                0x00000098                __vector_12
                0x00000098                __bad_interrupt
                0x00000098                __vector_6
                0x00000098                __vector_3
                0x00000098                __vector_13
                0x00000098                __vector_17
                0x00000098                __vector_19
                0x00000098                __vector_7
                0x00000098                __vector_5
                0x00000098                __vector_4
                0x00000098                __vector_9
                0x00000098                __vector_2
                0x00000098                __vector_15
                0x00000098                __vector_8
                0x00000098                __vector_14
                0x00000098                __vector_10
                0x00000098                __vector_16
                0x00000098                __vector_18
                0x00000098                __vector_20
                0x0000009c                . = ALIGN (0x2)
 *(.text.*)
 .text.Application
                0x0000009c       0x3c APPLIcation/Application.o
                0x0000009c                Application
 .text.__vector_11
                0x000000d8       0x1e APPLIcation/Application.o
                0x000000d8                __vector_11
 .text.__vector_1
                0x000000f6      0x12e APPLIcation/Application.o
                0x000000f6                __vector_1
 .text.BUTTON_init
                0x00000224        0x8 ECUAL/Button/button.o
                0x00000224                BUTTON_init
 .text.LED_int  0x0000022c        0x8 ECUAL/LED/LED.o
                0x0000022c                LED_int
 .text.LED_on   0x00000234        0x8 ECUAL/LED/LED.o
                0x00000234                LED_on
 .text.LED_off  0x0000023c        0x8 ECUAL/LED/LED.o
                0x0000023c                LED_off
 .text.LED_toogle
                0x00000244        0x6 ECUAL/LED/LED.o
                0x00000244                LED_toogle
 .text.Timer0_intiate_reset
                0x0000024a       0x2e ECUAL/Timer0/Timer0.o
                0x0000024a                Timer0_intiate_reset
 .text.Timer0_start
                0x00000278        0xe ECUAL/Timer0/Timer0.o
                0x00000278                Timer0_start
 .text.Timer0_stop
                0x00000286        0xe ECUAL/Timer0/Timer0.o
                0x00000286                Timer0_stop
 .text.main     0x00000294        0xa main.o
                0x00000294                main
 .text.DIO_init
                0x0000029e      0x118 MCAL/DIO driver/DIO.o
                0x0000029e                DIO_init
 .text.DIO_write
                0x000003b6      0x118 MCAL/DIO driver/DIO.o
                0x000003b6                DIO_write
 .text.DIO_toogle
                0x000004ce       0x74 MCAL/DIO driver/DIO.o
                0x000004ce                DIO_toogle
 .text.Intrupt_GlobalEnable
                0x00000542        0x6 MCAL/Interrupt/Interrupt.o
                0x00000542                Intrupt_GlobalEnable
 .text.Intrupt_ExternalSense
                0x00000548       0xc4 MCAL/Interrupt/Interrupt.o
                0x00000548                Intrupt_ExternalSense
 .text.Intrupt_EnableExternal
                0x0000060c       0x2e MCAL/Interrupt/Interrupt.o
                0x0000060c                Intrupt_EnableExternal
 .text.Intrupt_DisableExternal
                0x0000063a       0x2e MCAL/Interrupt/Interrupt.o
                0x0000063a                Intrupt_DisableExternal
 .text.Timer_mode
                0x00000668      0x124 MCAL/Timer/Timer.o
                0x00000668                Timer_mode
 .text.Timer_InatialVal
                0x0000078c       0x1a MCAL/Timer/Timer.o
                0x0000078c                Timer_InatialVal
 .text.Timer_intruptEnable
                0x000007a6       0x4e MCAL/Timer/Timer.o
                0x000007a6                Timer_intruptEnable
 .text.Timer_StartPRESCalerValue
                0x000007f4      0x12c MCAL/Timer/Timer.o
                0x000007f4                Timer_StartPRESCalerValue
 .text.Timer_ReadFlag
                0x00000920       0x8a MCAL/Timer/Timer.o
                0x00000920                Timer_ReadFlag
 .text.CarGreen_PedstrianRED
                0x000009aa       0xcc Sub System Modes/CG_PR/CG_PR.o
                0x000009aa                CarGreen_PedstrianRED
 .text.CarRed_PedstrianGreen
                0x00000a76       0xcc Sub System Modes/CR_PG/CR_PG.o
                0x00000a76                CarRed_PedstrianGreen
 .text.CarYellow_PedstrianYellow
                0x00000b42      0x142 Sub System Modes/CY_PY/CY_PY.o
                0x00000b42                CarYellow_PedstrianYellow
 .text.Normal_mode
                0x00000c84       0x76 System Modes/Normal Mode/Normal Mode.o
                0x00000c84                Normal_mode
 .text.Pedestrian_mode
                0x00000cfa       0xa4 System Modes/Pededstrian Mode/Pededstrian Mode.o
                0x00000cfa                Pedestrian_mode
 .text.libgcc   0x00000d9e        0xc c:/program files (x86)/atmel/studio/7.0/toolchain/avr8/avr8-gnu-toolchain/bin/../lib/gcc/avr/5.4.0/avr5\libgcc.a(_tablejump2.o)
                0x00000d9e                __tablejump2__
                0x00000daa                . = ALIGN (0x2)
 *(.fini9)
 .fini9         0x00000daa        0x0 c:/program files (x86)/atmel/studio/7.0/toolchain/avr8/avr8-gnu-toolchain/bin/../lib/gcc/avr/5.4.0/avr5\libgcc.a(_exit.o)
                0x00000daa                _exit
                0x00000daa                exit
 *(.fini9)
 *(.fini8)
 *(.fini8)
 *(.fini7)
 *(.fini7)
 *(.fini6)
 *(.fini6)
 *(.fini5)
 *(.fini5)
 *(.fini4)
 *(.fini4)
 *(.fini3)
 *(.fini3)
 *(.fini2)
 *(.fini2)
 *(.fini1)
 *(.fini1)
 *(.fini0)
 .fini0         0x00000daa        0x4 c:/program files (x86)/atmel/studio/7.0/toolchain/avr8/avr8-gnu-toolchain/bin/../lib/gcc/avr/5.4.0/avr5\libgcc.a(_exit.o)
 *(.fini0)
                0x00000dae                _etext = .

.data           0x00800060        0x0 load address 0x00000dae
                [!provide]                PROVIDE (__data_start, .)
 *(.data)
 *(.data*)
 *(.gnu.linkonce.d*)
 *(.rodata)
 *(.rodata*)
 *(.gnu.linkonce.r*)
                0x00800060                . = ALIGN (0x2)
                0x00800060                _edata = .
                [!provide]                PROVIDE (__data_end, .)

.bss            0x00800060        0xc
                0x00800060                PROVIDE (__bss_start, .)
 *(.bss)
 *(.bss*)
 .bss.Pedestrianflag
                0x00800060        0x1 APPLIcation/Application.o
                0x00800060                Pedestrianflag
 .bss.overflowscounter
                0x00800061        0x1 APPLIcation/Application.o
                0x00800061                overflowscounter
 .bss.currentStage
                0x00800062        0x1 APPLIcation/Application.o
                0x00800062                currentStage
 .bss.Timer0Reset
                0x00800063        0x1 APPLIcation/Application.o
                0x00800063                Timer0Reset
 *(COMMON)
 COMMON         0x00800064        0x6 APPLIcation/Application.o
                0x00800064                clicktime
                0x00800065                buttonstate
                0x00800066                presstime
                0x00800068                releasetime
 COMMON         0x0080006a        0x2 Sub System Modes/CY_PY/CY_PY.o
                0x0080006a                x
                0x0080006b                Timer2Reset
                0x0080006c                PROVIDE (__bss_end, .)
                0x00000dae                __data_load_start = LOADADDR (.data)
                0x00000dae                __data_load_end = (__data_load_start + SIZEOF (.data))

.noinit         0x0080006c        0x0
                [!provide]                PROVIDE (__noinit_start, .)
 *(.noinit*)
                [!provide]                PROVIDE (__noinit_end, .)
                0x0080006c                _end = .
                [!provide]                PROVIDE (__heap_start, .)

.eeprom         0x00810000        0x0
 *(.eeprom*)
                0x00810000                __eeprom_end = .

.fuse
 *(.fuse)
 *(.lfuse)
 *(.hfuse)
 *(.efuse)

.lock
 *(.lock*)

.signature
 *(.signature*)

.user_signatures
 *(.user_signatures*)

.stab
 *(.stab)

.stabstr
 *(.stabstr)

.stab.excl
 *(.stab.excl)

.stab.exclstr
 *(.stab.exclstr)

.stab.index
 *(.stab.index)

.stab.indexstr
 *(.stab.indexstr)

.comment        0x00000000       0x30
 *(.comment)
 .comment       0x00000000       0x30 APPLIcation/Application.o
                                 0x31 (size before relaxing)
 .comment       0x00000030       0x31 ECUAL/Button/button.o
 .comment       0x00000030       0x31 ECUAL/LED/LED.o
 .comment       0x00000030       0x31 ECUAL/Timer0/Timer0.o
 .comment       0x00000030       0x31 main.o
 .comment       0x00000030       0x31 MCAL/DIO driver/DIO.o
 .comment       0x00000030       0x31 MCAL/Interrupt/Interrupt.o
 .comment       0x00000030       0x31 MCAL/Timer/Timer.o
 .comment       0x00000030       0x31 Sub System Modes/CG_PR/CG_PR.o
 .comment       0x00000030       0x31 Sub System Modes/CR_PG/CR_PG.o
 .comment       0x00000030       0x31 Sub System Modes/CY_PY/CY_PY.o
 .comment       0x00000030       0x31 System Modes/Normal Mode/Normal Mode.o
 .comment       0x00000030       0x31 System Modes/Pededstrian Mode/Pededstrian Mode.o

.note.gnu.avr.deviceinfo
                0x00000000       0x3c
 .note.gnu.avr.deviceinfo
                0x00000000       0x3c C:/Program Files (x86)/Atmel/Studio/7.0/Packs/atmel/ATmega_DFP/1.7.374/gcc/dev/atmega32a/avr5/crtatmega32a.o

.note.gnu.build-id
 *(.note.gnu.build-id)

.debug
 *(.debug)

.line
 *(.line)

.debug_srcinfo
 *(.debug_srcinfo)

.debug_sfnames
 *(.debug_sfnames)

.debug_aranges  0x00000000      0x278
 *(.debug_aranges)
 .debug_aranges
                0x00000000       0x30 APPLIcation/Application.o
 .debug_aranges
                0x00000030       0x28 ECUAL/Button/button.o
 .debug_aranges
                0x00000058       0x38 ECUAL/LED/LED.o
 .debug_aranges
                0x00000090       0x38 ECUAL/Timer0/Timer0.o
 .debug_aranges
                0x000000c8       0x20 main.o
 .debug_aranges
                0x000000e8       0x40 MCAL/DIO driver/DIO.o
 .debug_aranges
                0x00000128       0x50 MCAL/Interrupt/Interrupt.o
 .debug_aranges
                0x00000178       0x60 MCAL/Timer/Timer.o
 .debug_aranges
                0x000001d8       0x20 Sub System Modes/CG_PR/CG_PR.o
 .debug_aranges
                0x000001f8       0x20 Sub System Modes/CR_PG/CR_PG.o
 .debug_aranges
                0x00000218       0x20 Sub System Modes/CY_PY/CY_PY.o
 .debug_aranges
                0x00000238       0x20 System Modes/Normal Mode/Normal Mode.o
 .debug_aranges
                0x00000258       0x20 System Modes/Pededstrian Mode/Pededstrian Mode.o

.debug_pubnames
 *(.debug_pubnames)

.debug_info     0x00000000     0x21e2
 *(.debug_info .gnu.linkonce.wi.*)
 .debug_info    0x00000000      0x4e6 C:/Program Files (x86)/Atmel/Studio/7.0/Packs/atmel/ATmega_DFP/1.7.374/gcc/dev/atmega32a/avr5/crtatmega32a.o
 .debug_info    0x000004e6      0x37c APPLIcation/Application.o
 .debug_info    0x00000862      0x11e ECUAL/Button/button.o
 .debug_info    0x00000980      0x1b6 ECUAL/LED/LED.o
 .debug_info    0x00000b36      0x1d8 ECUAL/Timer0/Timer0.o
 .debug_info    0x00000d0e       0x6d main.o
 .debug_info    0x00000d7b      0x24c MCAL/DIO driver/DIO.o
 .debug_info    0x00000fc7      0x258 MCAL/Interrupt/Interrupt.o
 .debug_info    0x0000121f      0x3a2 MCAL/Timer/Timer.o
 .debug_info    0x000015c1      0x263 Sub System Modes/CG_PR/CG_PR.o
 .debug_info    0x00001824      0x24c Sub System Modes/CR_PG/CR_PG.o
 .debug_info    0x00001a70      0x3a5 Sub System Modes/CY_PY/CY_PY.o
 .debug_info    0x00001e15      0x1d0 System Modes/Normal Mode/Normal Mode.o
 .debug_info    0x00001fe5      0x1fd System Modes/Pededstrian Mode/Pededstrian Mode.o

.debug_abbrev   0x00000000      0xeb2
 *(.debug_abbrev)
 .debug_abbrev  0x00000000      0x4a3 C:/Program Files (x86)/Atmel/Studio/7.0/Packs/atmel/ATmega_DFP/1.7.374/gcc/dev/atmega32a/avr5/crtatmega32a.o
 .debug_abbrev  0x000004a3      0x109 APPLIcation/Application.o
 .debug_abbrev  0x000005ac       0x89 ECUAL/Button/button.o
 .debug_abbrev  0x00000635       0x80 ECUAL/LED/LED.o
 .debug_abbrev  0x000006b5       0xac ECUAL/Timer0/Timer0.o
 .debug_abbrev  0x00000761       0x65 main.o
 .debug_abbrev  0x000007c6       0xe1 MCAL/DIO driver/DIO.o
 .debug_abbrev  0x000008a7       0xf7 MCAL/Interrupt/Interrupt.o
 .debug_abbrev  0x0000099e      0x122 MCAL/Timer/Timer.o
 .debug_abbrev  0x00000ac0       0xd5 Sub System Modes/CG_PR/CG_PR.o
 .debug_abbrev  0x00000b95       0xbd Sub System Modes/CR_PG/CR_PG.o
 .debug_abbrev  0x00000c52       0xfc Sub System Modes/CY_PY/CY_PY.o
 .debug_abbrev  0x00000d4e       0xb2 System Modes/Normal Mode/Normal Mode.o
 .debug_abbrev  0x00000e00       0xb2 System Modes/Pededstrian Mode/Pededstrian Mode.o

.debug_line     0x00000000     0x1f64
 *(.debug_line .debug_line.* .debug_line_end)
 .debug_line    0x00000000      0x116 C:/Program Files (x86)/Atmel/Studio/7.0/Packs/atmel/ATmega_DFP/1.7.374/gcc/dev/atmega32a/avr5/crtatmega32a.o
 .debug_line    0x00000116      0x38c APPLIcation/Application.o
 .debug_line    0x000004a2       0xd1 ECUAL/Button/button.o
 .debug_line    0x00000573       0xf1 ECUAL/LED/LED.o
 .debug_line    0x00000664      0x165 ECUAL/Timer0/Timer0.o
 .debug_line    0x000007c9       0x67 main.o
 .debug_line    0x00000830      0x2f4 MCAL/DIO driver/DIO.o
 .debug_line    0x00000b24      0x35d MCAL/Interrupt/Interrupt.o
 .debug_line    0x00000e81      0x660 MCAL/Timer/Timer.o
 .debug_line    0x000014e1      0x220 Sub System Modes/CG_PR/CG_PR.o
 .debug_line    0x00001701      0x220 Sub System Modes/CR_PG/CR_PG.o
 .debug_line    0x00001921      0x2b7 Sub System Modes/CY_PY/CY_PY.o
 .debug_line    0x00001bd8      0x1ce System Modes/Normal Mode/Normal Mode.o
 .debug_line    0x00001da6      0x1be System Modes/Pededstrian Mode/Pededstrian Mode.o

.debug_frame    0x00000000      0x4dc
 *(.debug_frame)
 .debug_frame   0x00000000       0x9c APPLIcation/Application.o
 .debug_frame   0x0000009c       0x34 ECUAL/Button/button.o
 .debug_frame   0x000000d0       0x54 ECUAL/LED/LED.o
 .debug_frame   0x00000124       0x54 ECUAL/Timer0/Timer0.o
 .debug_frame   0x00000178       0x24 main.o
 .debug_frame   0x0000019c       0x74 MCAL/DIO driver/DIO.o
 .debug_frame   0x00000210       0x94 MCAL/Interrupt/Interrupt.o
 .debug_frame   0x000002a4       0xb4 MCAL/Timer/Timer.o
 .debug_frame   0x00000358       0x4c Sub System Modes/CG_PR/CG_PR.o
 .debug_frame   0x000003a4       0x4c Sub System Modes/CR_PG/CR_PG.o
 .debug_frame   0x000003f0       0x4c Sub System Modes/CY_PY/CY_PY.o
 .debug_frame   0x0000043c       0x4c System Modes/Normal Mode/Normal Mode.o
 .debug_frame   0x00000488       0x54 System Modes/Pededstrian Mode/Pededstrian Mode.o

.debug_str      0x00000000      0x910
 *(.debug_str)
 .debug_str     0x00000000      0x196 C:/Program Files (x86)/Atmel/Studio/7.0/Packs/atmel/ATmega_DFP/1.7.374/gcc/dev/atmega32a/avr5/crtatmega32a.o
 .debug_str     0x00000196      0x2c6 APPLIcation/Application.o
                                0x2cc (size before relaxing)
 .debug_str     0x0000045c       0xa0 ECUAL/Button/button.o
                                0x173 (size before relaxing)
 .debug_str     0x000004fc       0x46 ECUAL/LED/LED.o
                                0x177 (size before relaxing)
 .debug_str     0x00000542      0x10e ECUAL/Timer0/Timer0.o
                                0x21b (size before relaxing)
 .debug_str     0x00000650       0x11 main.o
                                0x144 (size before relaxing)
 .debug_str     0x00000661       0x41 MCAL/DIO driver/DIO.o
                                0x1d9 (size before relaxing)
 .debug_str     0x000006a2       0x70 MCAL/Interrupt/Interrupt.o
                                0x270 (size before relaxing)
 .debug_str     0x00000712       0xba MCAL/Timer/Timer.o
                                0x29a (size before relaxing)
 .debug_str     0x000007cc       0x54 Sub System Modes/CG_PR/CG_PR.o
                                0x200 (size before relaxing)
 .debug_str     0x00000820       0x3f Sub System Modes/CR_PG/CR_PG.o
                                0x200 (size before relaxing)
 .debug_str     0x0000085f       0x53 Sub System Modes/CY_PY/CY_PY.o
                                0x2a0 (size before relaxing)
 .debug_str     0x000008b2       0x2a System Modes/Normal Mode/Normal Mode.o
                                0x1f8 (size before relaxing)
 .debug_str     0x000008dc       0x34 System Modes/Pededstrian Mode/Pededstrian Mode.o
                                0x1f0 (size before relaxing)

.debug_loc      0x00000000     0x1585
 *(.debug_loc)
 .debug_loc     0x00000000      0x107 APPLIcation/Application.o
 .debug_loc     0x00000107       0xaa ECUAL/Button/button.o
 .debug_loc     0x000001b1      0x108 ECUAL/LED/LED.o
 .debug_loc     0x000002b9      0x3ec MCAL/DIO driver/DIO.o
 .debug_loc     0x000006a5      0x2f2 MCAL/Interrupt/Interrupt.o
 .debug_loc     0x00000997      0x538 MCAL/Timer/Timer.o
 .debug_loc     0x00000ecf      0x155 Sub System Modes/CG_PR/CG_PR.o
 .debug_loc     0x00001024      0x155 Sub System Modes/CR_PG/CR_PG.o
 .debug_loc     0x00001179      0x155 Sub System Modes/CY_PY/CY_PY.o
 .debug_loc     0x000012ce      0x155 System Modes/Normal Mode/Normal Mode.o
 .debug_loc     0x00001423      0x162 System Modes/Pededstrian Mode/Pededstrian Mode.o

.debug_macinfo
 *(.debug_macinfo)

.debug_weaknames
 *(.debug_weaknames)

.debug_funcnames
 *(.debug_funcnames)

.debug_typenames
 *(.debug_typenames)

.debug_varnames
 *(.debug_varnames)

.debug_pubtypes
 *(.debug_pubtypes)

.debug_ranges   0x00000000      0x1a8
 *(.debug_ranges)
 .debug_ranges  0x00000000       0x20 APPLIcation/Application.o
 .debug_ranges  0x00000020       0x18 ECUAL/Button/button.o
 .debug_ranges  0x00000038       0x28 ECUAL/LED/LED.o
 .debug_ranges  0x00000060       0x28 ECUAL/Timer0/Timer0.o
 .debug_ranges  0x00000088       0x10 main.o
 .debug_ranges  0x00000098       0x30 MCAL/DIO driver/DIO.o
 .debug_ranges  0x000000c8       0x40 MCAL/Interrupt/Interrupt.o
 .debug_ranges  0x00000108       0x50 MCAL/Timer/Timer.o
 .debug_ranges  0x00000158       0x10 Sub System Modes/CG_PR/CG_PR.o
 .debug_ranges  0x00000168       0x10 Sub System Modes/CR_PG/CR_PG.o
 .debug_ranges  0x00000178       0x10 Sub System Modes/CY_PY/CY_PY.o
 .debug_ranges  0x00000188       0x10 System Modes/Normal Mode/Normal Mode.o
 .debug_ranges  0x00000198       0x10 System Modes/Pededstrian Mode/Pededstrian Mode.o

.debug_macro
 *(.debug_macro)
OUTPUT(GccApplication1.elf elf32-avr)
LOAD linker stubs
